// Jest Snapshot v1, https://goo.gl/fbAQLP

exports[`Navigation should render correctly 1`] = `
<div>
  <div
    class="flex flex-col"
  >
    <a
      href="/"
    >
      <div
        class="cursor-pointer border-b border-slate-600 px-2 py-4 transition-all hover:font-bold font-semibold"
      >
        Home
      </div>
    </a>
    <a
      href="/search"
    >
      <div
        class="cursor-pointer border-b border-slate-600 px-2 py-4 transition-all hover:font-bold"
      >
        Search
      </div>
    </a>
    <a
      href="/showcase"
    >
      <div
        class="cursor-pointer border-b border-slate-600 px-2 py-4 transition-all hover:font-bold"
      >
        Showcase
      </div>
    </a>
  </div>
</div>
`;
